ssd1306.c:65:6:SSD1306_DrawMenus	40	static
ssd1306.c:96:6:SSD1306_Draw_intrologo	32	static
ssd1306.c:115:6:SSD1306_DrawIntroFreezer	16	static
ssd1306.c:134:6:SSD1306_DrawArrow	16	static
ssd1306.c:163:6:ssd1306_command	32	static
ssd1306.c:175:6:SSD1306_ScrollRight	16	static
ssd1306.c:186:6:SSD1306_ScrollLeft	16	static
ssd1306.c:197:6:SSD1306_Scrolldiagright	16	static
ssd1306.c:211:6:SSD1306_Scrolldiagleft	16	static
ssd1306.c:225:6:SSD1306_Stopscroll	8	static
ssd1306.c:229:6:SSD1306_InvertDisplay	16	static
ssd1306.c:238:6:SSD1306_DrawBitmap	32	static
ssd1306.c:258:6:Set_Contrast	32	static
ssd1306.c:276:6:OLED_INIT	16	static
ssd1306.c:361:6:SSD1306_UpdateScreen	16	static
ssd1306.c:386:6:SSD1306_ToggleInvert	16	static
ssd1306.c:398:6:SSD1306_Fill	16	static
ssd1306.c:419:6:SSD1306_DrawPixel	16	static
ssd1306.c:439:6:SSD1306_GotoXY	16	static
ssd1306.c:445:6:SSD1306_Putc	32	static
ssd1306.c:477:6:SSD1306_Puts	24	static
ssd1306.c:494:6:SSD1306_DrawLine	40	static
ssd1306.c:579:6:SSD1306_DrawRectangle	32	static
ssd1306.c:602:6:SSD1306_DrawFilledRectangle	40	static
ssd1306.c:627:6:SSD1306_DrawTriangle	32	static
ssd1306.c:635:6:SSD1306_DrawFilledTriangle	64	static
ssd1306.c:692:6:SSD1306_DrawCircle	40	static
ssd1306.c:726:6:SSD1306_DrawFilledCircle	48	static
ssd1306.c:758:6:SSD1306_Clear	8	static
ssd1306.c:762:6:SSD1306_ON	8	static
ssd1306.c:767:6:SSD1306_OFF	8	static
ssd1306.c:783:6:ssd1306_I2C_WriteMulti	296	static
ssd1306.c:793:6:ssd1306_I2C_Write	32	static
